pin plan: app=[2, 3] loadgen=[4, 5] monitoring=[6, 7, 8, 9, 10, 11, 12, 13, 14, 15]
[1/120] block 1 docker             pinned=True    2274.4 rps  host=7.05 app=0.60 mon=0.00 loadgen=0.67 other=0.62 ok
[2/120] block 1 docker_full        pinned=False   2139.3 rps  host=7.15 app=0.61 mon=0.03 loadgen=0.64 other=0.67 ok
[3/120] block 1 docker_full        pinned=True     361.7 rps  host=10.13 app=0.18 mon=0.03 loadgen=0.23 other=0.32 ok
[4/120] block 1 docker             pinned=False   1988.5 rps  host=7.51 app=0.56 mon=0.00 loadgen=0.60 other=0.62 ok
[5/120] block 1 docker_prometheus  pinned=False    323.6 rps  host=10.13 app=0.17 mon=0.03 loadgen=0.21 other=0.28 ok
[6/120] block 1 docker_cadvisor    pinned=False   2103.6 rps  host=7.66 app=0.61 mon=0.01 loadgen=0.64 other=0.69 ok
[7/120] block 2 docker_cadvisor    pinned=False    308.9 rps  host=10.15 app=0.17 mon=0.01 loadgen=0.23 other=0.29 ok
[8/120] block 2 docker_full        pinned=True    2293.2 rps  host=7.15 app=0.63 mon=0.03 loadgen=0.69 other=0.68 ok
[9/120] block 2 docker             pinned=True     657.4 rps  host=10.13 app=0.30 mon=0.00 loadgen=0.32 other=0.39 ok
[10/120] block 2 docker_full        pinned=False   1974.1 rps  host=7.28 app=0.59 mon=0.03 loadgen=0.60 other=0.68 ok
[11/120] block 2 docker             pinned=False   2137.2 rps  host=7.33 app=0.61 mon=0.00 loadgen=0.64 other=0.66 ok
[12/120] block 2 docker_prometheus  pinned=False   2102.4 rps  host=7.26 app=0.60 mon=0.03 loadgen=0.63 other=0.66 ok
[13/120] block 3 docker_prometheus  pinned=False   2110.2 rps  host=7.31 app=0.60 mon=0.03 loadgen=0.64 other=0.71 ok
[14/120] block 3 docker             pinned=True     339.7 rps  host=10.04 app=0.18 mon=0.00 loadgen=0.22 other=0.27 ok
[15/120] block 3 docker             pinned=False   2207.2 rps  host=7.59 app=0.66 mon=0.00 loadgen=0.67 other=0.69 ok
[16/120] block 3 docker_full        pinned=False    335.6 rps  host=10.18 app=0.18 mon=0.03 loadgen=0.24 other=0.31 ok
[17/120] block 3 docker_cadvisor    pinned=False   2024.6 rps  host=7.62 app=0.57 mon=0.01 loadgen=0.62 other=0.62 ok
[18/120] block 3 docker_full        pinned=True    2491.9 rps  host=6.88 app=0.66 mon=0.03 loadgen=0.73 other=0.68 ok
[19/120] block 4 docker_full        pinned=False   2095.8 rps  host=7.14 app=0.60 mon=0.03 loadgen=0.63 other=0.67 ok
[20/120] block 4 docker             pinned=True    2377.6 rps  host=6.92 app=0.63 mon=0.00 loadgen=0.71 other=0.66 ok
[21/120] block 4 docker_full        pinned=True    2347.2 rps  host=6.97 app=0.63 mon=0.03 loadgen=0.69 other=0.67 ok
[22/120] block 4 docker             pinned=False   2148.1 rps  host=7.15 app=0.63 mon=0.00 loadgen=0.65 other=0.68 ok
[23/120] block 4 docker_cadvisor    pinned=False    308.5 rps  host=10.21 app=0.17 mon=0.01 loadgen=0.23 other=0.34 ok
[24/120] block 4 docker_prometheus  pinned=False   2143.5 rps  host=7.56 app=0.64 mon=0.03 loadgen=0.65 other=0.68 ok
[25/120] block 5 docker             pinned=False   2293.5 rps  host=7.35 app=0.68 mon=0.00 loadgen=0.69 other=0.72 ok
[26/120] block 5 docker             pinned=True     642.3 rps  host=10.15 app=0.30 mon=0.00 loadgen=0.31 other=0.42 ok
[27/120] block 5 docker_cadvisor    pinned=False   1949.6 rps  host=7.50 app=0.55 mon=0.01 loadgen=0.59 other=0.60 ok
[28/120] block 5 docker_full        pinned=True    2236.3 rps  host=6.85 app=0.58 mon=0.03 loadgen=0.66 other=0.64 ok
[29/120] block 5 docker_prometheus  pinned=False    185.8 rps  host=10.07 app=0.12 mon=0.03 loadgen=0.18 other=0.22 ok
[30/120] block 5 docker_full        pinned=False   2107.0 rps  host=7.59 app=0.63 mon=0.03 loadgen=0.65 other=0.69 ok
[31/120] block 6 docker_cadvisor    pinned=False   2082.7 rps  host=7.32 app=0.58 mon=0.01 loadgen=0.63 other=0.67 ok
[32/120] block 6 docker_prometheus  pinned=False   2124.9 rps  host=7.33 app=0.61 mon=0.03 loadgen=0.65 other=0.67 ok
[33/120] block 6 docker_full        pinned=True     358.0 rps  host=10.06 app=0.19 mon=0.03 loadgen=0.22 other=0.28 ok
[34/120] block 6 docker             pinned=True    2383.4 rps  host=7.17 app=0.66 mon=0.00 loadgen=0.70 other=0.67 ok
[35/120] block 6 docker             pinned=False    807.9 rps  host=10.32 app=0.37 mon=0.00 loadgen=0.37 other=0.46 ok
[36/120] block 6 docker_full        pinned=False   2016.0 rps  host=7.34 app=0.60 mon=0.03 loadgen=0.61 other=0.69 ok
[37/120] block 7 docker             pinned=False   2156.3 rps  host=7.31 app=0.62 mon=0.00 loadgen=0.65 other=0.67 ok
[38/120] block 7 docker_full        pinned=True    2204.8 rps  host=6.72 app=0.58 mon=0.03 loadgen=0.65 other=0.61 ok
[39/120] block 7 docker_prometheus  pinned=False   2096.7 rps  host=7.26 app=0.61 mon=0.03 loadgen=0.64 other=0.71 ok
[40/120] block 7 docker_cadvisor    pinned=False    317.8 rps  host=10.20 app=0.17 mon=0.01 loadgen=0.22 other=0.29 ok
[41/120] block 7 docker_full        pinned=False   1948.8 rps  host=7.23 app=0.57 mon=0.03 loadgen=0.59 other=0.63 ok
[42/120] block 7 docker             pinned=True    2322.4 rps  host=6.91 app=0.61 mon=0.00 loadgen=0.69 other=0.64 ok
[43/120] block 8 docker_full        pinned=False     91.5 rps  host=10.05 app=0.07 mon=0.03 loadgen=0.17 other=0.20 ok
[44/120] block 8 docker             pinned=False   2086.1 rps  host=7.55 app=0.61 mon=0.00 loadgen=0.63 other=0.66 ok
[45/120] block 8 docker_prometheus  pinned=False   2305.4 rps  host=7.40 app=0.67 mon=0.03 loadgen=0.69 other=0.74 ok
[46/120] block 8 docker_cadvisor    pinned=False   2127.9 rps  host=7.27 app=0.60 mon=0.01 loadgen=0.64 other=0.66 ok
[47/120] block 8 docker             pinned=True     317.6 rps  host=9.90 app=0.15 mon=0.00 loadgen=0.20 other=0.24 ok
[48/120] block 8 docker_full        pinned=True    2122.2 rps  host=7.23 app=0.56 mon=0.03 loadgen=0.63 other=0.60 ok
[49/120] block 9 docker_prometheus  pinned=False   2072.9 rps  host=7.13 app=0.59 mon=0.03 loadgen=0.62 other=0.71 ok
[50/120] block 9 docker             pinned=False   2225.7 rps  host=7.29 app=0.63 mon=0.00 loadgen=0.66 other=0.70 ok
[51/120] block 9 docker             pinned=True     370.3 rps  host=10.06 app=0.18 mon=0.00 loadgen=0.22 other=0.28 ok
[52/120] block 9 docker_full        pinned=False   1997.5 rps  host=7.41 app=0.58 mon=0.03 loadgen=0.61 other=0.69 ok
[53/120] block 9 docker_full        pinned=True     419.9 rps  host=10.13 app=0.21 mon=0.03 loadgen=0.26 other=0.30 ok
[54/120] block 9 docker_cadvisor    pinned=False   2099.6 rps  host=7.61 app=0.61 mon=0.01 loadgen=0.64 other=0.66 ok
[55/120] block 10 docker             pinned=False   2132.4 rps  host=7.32 app=0.61 mon=0.00 loadgen=0.64 other=0.65 ok
[56/120] block 10 docker_full        pinned=True    2431.3 rps  host=6.86 app=0.67 mon=0.03 loadgen=0.72 other=0.68 ok
[57/120] block 10 docker_prometheus  pinned=False    635.0 rps  host=10.31 app=0.31 mon=0.03 loadgen=0.32 other=0.41 ok
[58/120] block 10 docker_full        pinned=False   1961.0 rps  host=7.31 app=0.56 mon=0.03 loadgen=0.59 other=0.61 ok
[59/120] block 10 docker             pinned=True    2489.0 rps  host=6.88 app=0.66 mon=0.00 loadgen=0.73 other=0.72 ok
[60/120] block 10 docker_cadvisor    pinned=False    628.7 rps  host=10.29 app=0.30 mon=0.01 loadgen=0.32 other=0.41 ok
[61/120] block 11 docker_cadvisor    pinned=False   2073.1 rps  host=7.53 app=0.61 mon=0.01 loadgen=0.64 other=0.67 ok
[62/120] block 11 docker_full        pinned=True    2321.0 rps  host=6.92 app=0.61 mon=0.03 loadgen=0.68 other=0.70 ok
[63/120] block 11 docker             pinned=True    2375.8 rps  host=6.93 app=0.61 mon=0.00 loadgen=0.70 other=0.66 ok
[64/120] block 11 docker_full        pinned=False   2065.4 rps  host=6.90 app=0.57 mon=0.03 loadgen=0.60 other=0.65 ok
[65/120] block 11 docker             pinned=False   2110.2 rps  host=7.14 app=0.61 mon=0.00 loadgen=0.64 other=0.67 ok
[66/120] block 11 docker_prometheus  pinned=False   2169.4 rps  host=7.12 app=0.63 mon=0.03 loadgen=0.65 other=0.69 ok
[67/120] block 12 docker             pinned=True    2317.1 rps  host=6.87 app=0.61 mon=0.00 loadgen=0.69 other=0.65 ok
[68/120] block 12 docker_full        pinned=False   2108.0 rps  host=7.01 app=0.60 mon=0.03 loadgen=0.63 other=0.67 ok
[69/120] block 12 docker_full        pinned=True    2040.0 rps  host=6.95 app=0.52 mon=0.03 loadgen=0.61 other=0.60 ok
[70/120] block 12 docker             pinned=False   2076.6 rps  host=7.32 app=0.61 mon=0.00 loadgen=0.63 other=0.64 ok
[71/120] block 12 docker_prometheus  pinned=False    535.2 rps  host=10.30 app=0.28 mon=0.03 loadgen=0.30 other=0.39 ok
[72/120] block 12 docker_cadvisor    pinned=False   2077.2 rps  host=7.49 app=0.61 mon=0.01 loadgen=0.64 other=0.68 ok
[73/120] block 13 docker_full        pinned=True    2208.7 rps  host=6.94 app=0.59 mon=0.03 loadgen=0.65 other=0.62 ok
[74/120] block 13 docker_cadvisor    pinned=False   2072.2 rps  host=7.23 app=0.59 mon=0.01 loadgen=0.62 other=0.64 ok
[75/120] block 13 docker_full        pinned=False    298.8 rps  host=10.11 app=0.16 mon=0.03 loadgen=0.20 other=0.31 ok
[76/120] block 13 docker             pinned=False   2212.4 rps  host=7.56 app=0.65 mon=0.00 loadgen=0.66 other=0.69 ok
[77/120] block 13 docker_prometheus  pinned=False   2117.2 rps  host=7.11 app=0.60 mon=0.03 loadgen=0.63 other=0.64 ok
[78/120] block 13 docker             pinned=True    2397.6 rps  host=6.93 app=0.64 mon=0.00 loadgen=0.71 other=0.67 ok
[79/120] block 14 docker             pinned=True     146.0 rps  host=9.97 app=0.10 mon=0.00 loadgen=0.17 other=0.21 ok
[80/120] block 14 docker             pinned=False   1989.1 rps  host=7.52 app=0.58 mon=0.00 loadgen=0.61 other=0.64 ok
[81/120] block 14 docker_full        pinned=True     131.2 rps  host=9.99 app=0.09 mon=0.03 loadgen=0.17 other=0.20 ok
[82/120] block 14 docker_cadvisor    pinned=False   1992.2 rps  host=7.54 app=0.57 mon=0.01 loadgen=0.61 other=0.62 ok
[83/120] block 14 docker_prometheus  pinned=False   2151.6 rps  host=7.36 app=0.63 mon=0.03 loadgen=0.65 other=0.68 ok
[84/120] block 14 docker_full        pinned=False    382.8 rps  host=10.24 app=0.21 mon=0.03 loadgen=0.25 other=0.32 ok
[85/120] block 15 docker_full        pinned=True    2299.4 rps  host=7.14 app=0.62 mon=0.03 loadgen=0.69 other=0.69 ok
[86/120] block 15 docker_prometheus  pinned=False    312.5 rps  host=10.19 app=0.18 mon=0.03 loadgen=0.22 other=0.29 ok
[87/120] block 15 docker_cadvisor    pinned=False   2025.3 rps  host=7.49 app=0.58 mon=0.01 loadgen=0.62 other=0.65 ok
[88/120] block 15 docker             pinned=False    523.9 rps  host=10.24 app=0.26 mon=0.00 loadgen=0.29 other=0.40 ok
[89/120] block 15 docker_full        pinned=False   2069.1 rps  host=7.59 app=0.60 mon=0.03 loadgen=0.63 other=0.66 ok
[90/120] block 15 docker             pinned=True     740.0 rps  host=10.12 app=0.34 mon=0.00 loadgen=0.34 other=0.41 ok
[91/120] block 16 docker_cadvisor    pinned=False   2133.3 rps  host=7.64 app=0.64 mon=0.01 loadgen=0.65 other=0.71 ok
[92/120] block 16 docker_full        pinned=False   2084.8 rps  host=7.02 app=0.60 mon=0.03 loadgen=0.62 other=0.66 ok
[93/120] block 16 docker             pinned=False   2210.2 rps  host=7.33 app=0.63 mon=0.00 loadgen=0.67 other=0.70 ok
[94/120] block 16 docker             pinned=True     317.9 rps  host=10.05 app=0.17 mon=0.00 loadgen=0.22 other=0.26 ok
[95/120] block 16 docker_prometheus  pinned=False   2115.5 rps  host=7.43 app=0.64 mon=0.03 loadgen=0.65 other=0.74 ok
[96/120] block 16 docker_full        pinned=True    2326.0 rps  host=6.88 app=0.61 mon=0.03 loadgen=0.69 other=0.65 ok
[97/120] block 17 docker             pinned=False    145.8 rps  host=10.05 app=0.10 mon=0.00 loadgen=0.18 other=0.22 ok
[98/120] block 17 docker_full        pinned=False   2002.5 rps  host=7.37 app=0.59 mon=0.03 loadgen=0.61 other=0.69 ok
[99/120] block 17 docker             pinned=True    2349.7 rps  host=6.82 app=0.63 mon=0.00 loadgen=0.69 other=0.63 ok
[100/120] block 17 docker_cadvisor    pinned=False    171.1 rps  host=10.06 app=0.11 mon=0.01 loadgen=0.18 other=0.23 ok
[101/120] block 17 docker_full        pinned=True    2249.4 rps  host=7.22 app=0.60 mon=0.03 loadgen=0.67 other=0.63 ok
[102/120] block 17 docker_prometheus  pinned=False   2089.4 rps  host=7.09 app=0.59 mon=0.03 loadgen=0.62 other=0.63 ok
[103/120] block 18 docker_prometheus  pinned=False    195.8 rps  host=10.12 app=0.13 mon=0.03 loadgen=0.19 other=0.24 ok
[104/120] block 18 docker_full        pinned=False   2041.0 rps  host=7.27 app=0.59 mon=0.03 loadgen=0.61 other=0.65 ok
[105/120] block 18 docker_full        pinned=True    2279.9 rps  host=6.83 app=0.60 mon=0.03 loadgen=0.68 other=0.64 ok
[106/120] block 18 docker             pinned=False   2174.4 rps  host=7.22 app=0.62 mon=0.00 loadgen=0.66 other=0.68 ok
[107/120] block 18 docker_cadvisor    pinned=False    355.1 rps  host=10.21 app=0.19 mon=0.01 loadgen=0.23 other=0.30 ok
[108/120] block 18 docker             pinned=True    2339.0 rps  host=7.20 app=0.63 mon=0.00 loadgen=0.69 other=0.71 ok
[109/120] block 19 docker_prometheus  pinned=False   2071.5 rps  host=7.06 app=0.59 mon=0.03 loadgen=0.62 other=0.64 ok
[110/120] block 19 docker             pinned=True    2410.2 rps  host=6.92 app=0.64 mon=0.00 loadgen=0.72 other=0.68 ok
[111/120] block 19 docker             pinned=False    211.6 rps  host=10.14 app=0.13 mon=0.00 loadgen=0.19 other=0.29 ok
[112/120] block 19 docker_cadvisor    pinned=False   2099.5 rps  host=7.49 app=0.62 mon=0.01 loadgen=0.64 other=0.66 ok
[113/120] block 19 docker_full        pinned=True    2223.8 rps  host=6.75 app=0.56 mon=0.03 loadgen=0.66 other=0.61 ok
[114/120] block 19 docker_full        pinned=False   2079.6 rps  host=7.13 app=0.61 mon=0.03 loadgen=0.63 other=0.66 ok
[115/120] block 20 docker_full        pinned=True    2098.1 rps  host=6.86 app=0.55 mon=0.03 loadgen=0.62 other=0.60 ok
[116/120] block 20 docker_prometheus  pinned=False   2073.0 rps  host=7.25 app=0.61 mon=0.03 loadgen=0.63 other=0.66 ok
[117/120] block 20 docker_full        pinned=False   2029.2 rps  host=6.90 app=0.57 mon=0.03 loadgen=0.60 other=0.65 ok
[118/120] block 20 docker             pinned=True    2337.2 rps  host=6.80 app=0.61 mon=0.00 loadgen=0.69 other=0.65 ok
[119/120] block 20 docker_cadvisor    pinned=False    371.5 rps  host=10.19 app=0.20 mon=0.01 loadgen=0.24 other=0.32 ok
[120/120] block 20 docker             pinned=False   1967.9 rps  host=7.45 app=0.57 mon=0.00 loadgen=0.60 other=0.63 ok
