pin plan: app=[2, 3] loadgen=[4, 5] monitoring=[6, 7, 8, 9, 10, 11, 12, 13, 14, 15]
[1/40] block 1 docker             pinned=True    2399.2 rps  host=7.06 app=0.66 mon=0.00 loadgen=0.75 other=0.68 ok
[2/40] block 1 docker             pinned=False    619.9 rps  host=10.30 app=0.30 mon=0.00 loadgen=0.35 other=0.41 ok
[3/40] block 1 docker_full        pinned=True    2337.6 rps  host=6.79 app=0.61 mon=0.03 loadgen=0.74 other=0.68 ok
[4/40] block 1 docker_full        pinned=False    527.7 rps  host=10.30 app=0.26 mon=0.03 loadgen=0.32 other=0.38 ok
[5/40] block 2 docker_full        pinned=True    2292.5 rps  host=6.76 app=0.60 mon=0.03 loadgen=0.73 other=0.68 ok
[6/40] block 2 docker_full        pinned=False   2267.7 rps  host=7.22 app=0.66 mon=0.03 loadgen=0.72 other=0.71 ok
[7/40] block 2 docker             pinned=False    461.6 rps  host=10.21 app=0.23 mon=0.00 loadgen=0.29 other=0.33 ok
[8/40] block 2 docker             pinned=True    2362.1 rps  host=7.09 app=0.66 mon=0.00 loadgen=0.75 other=0.67 ok
[9/40] block 3 docker             pinned=True     644.8 rps  host=10.16 app=0.28 mon=0.00 loadgen=0.35 other=0.44 ok
[10/40] block 3 docker             pinned=False   2220.8 rps  host=7.54 app=0.66 mon=0.00 loadgen=0.71 other=0.71 ok
[11/40] block 3 docker_full        pinned=True    2402.9 rps  host=6.59 app=0.61 mon=0.03 loadgen=0.75 other=0.67 ok
[12/40] block 3 docker_full        pinned=False    671.1 rps  host=10.35 app=0.32 mon=0.03 loadgen=0.36 other=0.46 ok
[13/40] block 4 docker_full        pinned=False   2043.0 rps  host=7.19 app=0.59 mon=0.03 loadgen=0.65 other=0.66 ok
[14/40] block 4 docker_full        pinned=True    2468.1 rps  host=6.79 app=0.65 mon=0.03 loadgen=0.78 other=0.69 ok
[15/40] block 4 docker             pinned=False    643.3 rps  host=10.30 app=0.31 mon=0.00 loadgen=0.36 other=0.41 ok
[16/40] block 4 docker             pinned=True    2177.2 rps  host=7.03 app=0.58 mon=0.00 loadgen=0.69 other=0.62 ok
[17/40] block 5 docker             pinned=False    510.4 rps  host=10.25 app=0.26 mon=0.00 loadgen=0.32 other=0.37 ok
[18/40] block 5 docker             pinned=True    2342.0 rps  host=7.01 app=0.62 mon=0.00 loadgen=0.74 other=0.68 ok
[19/40] block 5 docker_full        pinned=False    827.0 rps  host=10.37 app=0.38 mon=0.03 loadgen=0.42 other=0.49 ok
[20/40] block 5 docker_full        pinned=True    2197.7 rps  host=6.73 app=0.59 mon=0.03 loadgen=0.70 other=0.63 ok
[21/40] block 6 docker_full        pinned=False   2222.9 rps  host=7.24 app=0.64 mon=0.03 loadgen=0.69 other=0.69 ok
[22/40] block 6 docker             pinned=True    2448.4 rps  host=6.64 app=0.64 mon=0.00 loadgen=0.77 other=0.74 ok
[23/40] block 6 docker             pinned=False    330.4 rps  host=10.06 app=0.17 mon=0.00 loadgen=0.24 other=0.27 ok
[24/40] block 6 docker_full        pinned=True    2166.5 rps  host=6.83 app=0.56 mon=0.03 loadgen=0.69 other=0.62 ok
[25/40] block 7 docker             pinned=True    2359.4 rps  host=6.88 app=0.62 mon=0.00 loadgen=0.74 other=0.72 ok
[26/40] block 7 docker_full        pinned=False   2252.6 rps  host=7.16 app=0.65 mon=0.03 loadgen=0.72 other=0.71 ok
[27/40] block 7 docker             pinned=False   2116.0 rps  host=7.10 app=0.60 mon=0.00 loadgen=0.67 other=0.67 ok
[28/40] block 7 docker_full        pinned=True    2377.4 rps  host=6.55 app=0.63 mon=0.03 loadgen=0.75 other=0.69 ok
[29/40] block 8 docker_full        pinned=True    2147.2 rps  host=6.82 app=0.55 mon=0.03 loadgen=0.68 other=0.61 ok
[30/40] block 8 docker             pinned=False   2115.9 rps  host=7.27 app=0.62 mon=0.00 loadgen=0.67 other=0.70 ok
[31/40] block 8 docker             pinned=True     873.2 rps  host=10.16 app=0.40 mon=0.00 loadgen=0.42 other=0.48 ok
[32/40] block 8 docker_full        pinned=False   2058.8 rps  host=7.48 app=0.61 mon=0.03 loadgen=0.67 other=0.71 ok
[33/40] block 9 docker             pinned=True    2396.5 rps  host=6.88 app=0.65 mon=0.00 loadgen=0.75 other=0.69 ok
[34/40] block 9 docker_full        pinned=True    2267.8 rps  host=6.71 app=0.58 mon=0.03 loadgen=0.71 other=0.68 ok
[35/40] block 9 docker             pinned=False   2158.3 rps  host=7.21 app=0.63 mon=0.00 loadgen=0.68 other=0.73 ok
[36/40] block 9 docker_full        pinned=False    469.0 rps  host=10.29 app=0.24 mon=0.03 loadgen=0.29 other=0.35 ok
[37/40] block 10 docker             pinned=False   2089.6 rps  host=7.47 app=0.60 mon=0.00 loadgen=0.66 other=0.66 ok
[38/40] block 10 docker_full        pinned=True    2212.5 rps  host=6.73 app=0.58 mon=0.03 loadgen=0.70 other=0.64 ok
[39/40] block 10 docker             pinned=True    2391.3 rps  host=6.85 app=0.63 mon=0.00 loadgen=0.75 other=0.69 ok
[40/40] block 10 docker_full        pinned=False    354.5 rps  host=10.15 app=0.18 mon=0.03 loadgen=0.25 other=0.28 ok
